com/gonerp/usermanager/dto/UserRequest.class
com/gonerp/taskmanager/dto/BoardResponse.class
com/gonerp/taskmanager/repository/BoardRepository.class
com/gonerp/config/PasswordConfig.class
com/gonerp/taskmanager/model/BoardMember$BoardMemberBuilder.class
com/gonerp/imagemanager/repository/ImageInfoRepository.class
com/gonerp/common/ApiResponse$ApiResponseBuilder.class
com/gonerp/config/JwtTokenProvider.class
com/gonerp/taskmanager/model/CardComment$CardCommentBuilder.class
com/gonerp/taskmanager/model/CardMember$CardMemberBuilder.class
com/gonerp/config/GlobalExceptionHandler.class
com/gonerp/taskmanager/model/BoardColumn$BoardColumnBuilder.class
com/gonerp/taskmanager/dto/ColumnResponse$ColumnResponseBuilder.class
com/gonerp/taskmanager/dto/CommentResponse$CommentResponseBuilder.class
com/gonerp/taskmanager/service/ColumnService.class
com/gonerp/taskmanager/model/CardActivity$CardActivityBuilder.class
com/gonerp/taskmanager/controller/CardController.class
com/gonerp/taskmanager/model/Board$BoardBuilder.class
com/gonerp/config/SecurityConfig.class
com/gonerp/imagemanager/dto/ImageInfoRequest.class
com/gonerp/imagemanager/controller/ImageInfoController.class
com/gonerp/taskmanager/dto/BoardMemberRequest.class
com/gonerp/taskmanager/model/Board.class
com/gonerp/auth/dto/LoginRequest.class
com/gonerp/taskmanager/dto/LabelResponse$LabelResponseBuilder.class
com/gonerp/config/WebSocketAuthInterceptor.class
com/gonerp/taskmanager/repository/CardActivityRepository.class
com/gonerp/usermanager/model/enums/RoleName.class
com/gonerp/taskmanager/dto/ActivityResponse.class
com/gonerp/taskmanager/dto/CommentResponse.class
com/gonerp/taskmanager/model/CardComment.class
com/gonerp/taskmanager/model/CardAttachment.class
com/gonerp/auth/dto/AuthResponse.class
com/gonerp/taskmanager/model/Card$CardBuilder.class
com/gonerp/taskmanager/dto/ColumnRequest.class
com/gonerp/taskmanager/repository/CardCommentRepository.class
com/gonerp/taskmanager/repository/BoardColumnRepository.class
com/gonerp/taskmanager/repository/CardAttachmentRepository.class
com/gonerp/taskmanager/dto/AttachmentResponse$AttachmentResponseBuilder.class
com/gonerp/config/JwtAuthenticationFilter.class
com/gonerp/auth/dto/AuthResponse$AuthResponseBuilder.class
com/gonerp/taskmanager/dto/BoardRequest.class
com/gonerp/taskmanager/model/CardAttachment$CardAttachmentBuilder.class
com/gonerp/usermanager/model/UserRole.class
com/gonerp/taskmanager/dto/BoardMemberResponse$BoardMemberResponseBuilder.class
com/gonerp/taskmanager/repository/CardRepository.class
com/gonerp/taskmanager/dto/BoardResponse$BoardResponseBuilder.class
com/gonerp/imagemanager/dto/ImageInfoResponse$ImageInfoResponseBuilder.class
com/gonerp/taskmanager/dto/LabelResponse.class
com/gonerp/config/WebSocketConfig.class
com/gonerp/taskmanager/dto/UserSummaryResponse.class
com/gonerp/taskmanager/model/enums/CardStatus.class
com/gonerp/usermanager/model/UserRole$UserRoleBuilder.class
com/gonerp/taskmanager/model/BoardColumn.class
com/gonerp/taskmanager/repository/CardLabelRepository.class
com/gonerp/taskmanager/dto/AttachmentResponse.class
com/gonerp/usermanager/model/User$UserBuilder.class
com/gonerp/usermanager/dto/UserRoleResponse.class
com/gonerp/usermanager/repository/UserRoleRepository.class
com/gonerp/imagemanager/dto/ImageInfoResponse.class
com/gonerp/common/BaseModel.class
com/gonerp/taskmanager/repository/CardMemberRepository.class
com/gonerp/taskmanager/model/CardActivity.class
com/gonerp/auth/controller/AuthController.class
com/gonerp/usermanager/dto/UserResponse.class
com/gonerp/taskmanager/dto/CardSummaryResponse.class
com/gonerp/taskmanager/dto/BoardSummaryResponse.class
com/gonerp/taskmanager/dto/ColumnResponse.class
com/gonerp/taskmanager/dto/ActivityResponse$ActivityResponseBuilder.class
com/gonerp/taskmanager/dto/CardMoveRequest.class
com/gonerp/imagemanager/model/ImageInfo$ImageInfoBuilder.class
com/gonerp/config/DataInitializer.class
com/gonerp/taskmanager/model/CardLabel$CardLabelBuilder.class
com/gonerp/usermanager/controller/UserRoleController.class
com/gonerp/usermanager/dto/UserRoleRequest.class
com/gonerp/imagemanager/model/ImageInfo.class
com/gonerp/imagemanager/service/ImageInfoService.class
com/gonerp/GonErpApplication.class
com/gonerp/taskmanager/dto/CardDetailResponse.class
com/gonerp/usermanager/service/UserService.class
com/gonerp/usermanager/repository/UserRepository.class
com/gonerp/taskmanager/dto/CardRequest.class
com/gonerp/common/ApiResponse.class
com/gonerp/taskmanager/repository/BoardMemberRepository.class
com/gonerp/taskmanager/websocket/BoardEventPublisher.class
com/gonerp/taskmanager/service/BoardService.class
com/gonerp/taskmanager/dto/ReorderRequest.class
com/gonerp/taskmanager/dto/CardSummaryResponse$CardSummaryResponseBuilder.class
com/gonerp/usermanager/service/UserRoleService.class
com/gonerp/taskmanager/controller/BoardController.class
com/gonerp/taskmanager/model/Card.class
com/gonerp/config/AuditConfig.class
com/gonerp/taskmanager/controller/ColumnController.class
com/gonerp/taskmanager/model/CardLabel.class
com/gonerp/usermanager/dto/UserRoleResponse$UserRoleResponseBuilder.class
com/gonerp/usermanager/model/User.class
com/gonerp/taskmanager/dto/BoardMemberResponse.class
com/gonerp/taskmanager/service/CardService.class
com/gonerp/taskmanager/dto/LabelRequest.class
com/gonerp/usermanager/model/enums/UserStatus.class
com/gonerp/taskmanager/model/enums/BoardMemberRole.class
com/gonerp/taskmanager/model/CardMember.class
com/gonerp/taskmanager/dto/BoardSummaryResponse$BoardSummaryResponseBuilder.class
com/gonerp/usermanager/dto/UserResponse$UserResponseBuilder.class
com/gonerp/taskmanager/dto/CommentRequest.class
com/gonerp/taskmanager/dto/CardDetailResponse$CardDetailResponseBuilder.class
com/gonerp/taskmanager/model/BoardMember.class
com/gonerp/usermanager/controller/UserController.class
