/Users/nguyenhaituyen/Documents/Documents - MacBook Pro của Nguyễn (3)/code/gonErp/backend/src/main/java/com/gonerp/taskmanager/repository/BoardRepository.java
/Users/nguyenhaituyen/Documents/Documents - MacBook Pro của Nguyễn (3)/code/gonErp/backend/src/main/java/com/gonerp/usermanager/service/UserService.java
/Users/nguyenhaituyen/Documents/Documents - MacBook Pro của Nguyễn (3)/code/gonErp/backend/src/main/java/com/gonerp/taskmanager/model/BoardMember.java
/Users/nguyenhaituyen/Documents/Documents - MacBook Pro của Nguyễn (3)/code/gonErp/backend/src/main/java/com/gonerp/taskmanager/dto/ColumnRequest.java
/Users/nguyenhaituyen/Documents/Documents - MacBook Pro của Nguyễn (3)/code/gonErp/backend/src/main/java/com/gonerp/taskmanager/repository/CardLabelRepository.java
/Users/nguyenhaituyen/Documents/Documents - MacBook Pro của Nguyễn (3)/code/gonErp/backend/src/main/java/com/gonerp/taskmanager/repository/BoardMemberRepository.java
/Users/nguyenhaituyen/Documents/Documents - MacBook Pro của Nguyễn (3)/code/gonErp/backend/src/main/java/com/gonerp/common/BaseModel.java
/Users/nguyenhaituyen/Documents/Documents - MacBook Pro của Nguyễn (3)/code/gonErp/backend/src/main/java/com/gonerp/taskmanager/service/ColumnService.java
/Users/nguyenhaituyen/Documents/Documents - MacBook Pro của Nguyễn (3)/code/gonErp/backend/src/main/java/com/gonerp/taskmanager/model/CardActivity.java
/Users/nguyenhaituyen/Documents/Documents - MacBook Pro của Nguyễn (3)/code/gonErp/backend/src/main/java/com/gonerp/taskmanager/model/BoardColumn.java
/Users/nguyenhaituyen/Documents/Documents - MacBook Pro của Nguyễn (3)/code/gonErp/backend/src/main/java/com/gonerp/usermanager/model/enums/UserStatus.java
/Users/nguyenhaituyen/Documents/Documents - MacBook Pro của Nguyễn (3)/code/gonErp/backend/src/main/java/com/gonerp/taskmanager/dto/BoardSummaryResponse.java
/Users/nguyenhaituyen/Documents/Documents - MacBook Pro của Nguyễn (3)/code/gonErp/backend/src/main/java/com/gonerp/usermanager/model/UserRole.java
/Users/nguyenhaituyen/Documents/Documents - MacBook Pro của Nguyễn (3)/code/gonErp/backend/src/main/java/com/gonerp/taskmanager/repository/CardMemberRepository.java
/Users/nguyenhaituyen/Documents/Documents - MacBook Pro của Nguyễn (3)/code/gonErp/backend/src/main/java/com/gonerp/auth/dto/AuthResponse.java
/Users/nguyenhaituyen/Documents/Documents - MacBook Pro của Nguyễn (3)/code/gonErp/backend/src/main/java/com/gonerp/imagemanager/controller/ImageInfoController.java
/Users/nguyenhaituyen/Documents/Documents - MacBook Pro của Nguyễn (3)/code/gonErp/backend/src/main/java/com/gonerp/usermanager/dto/UserResponse.java
/Users/nguyenhaituyen/Documents/Documents - MacBook Pro của Nguyễn (3)/code/gonErp/backend/src/main/java/com/gonerp/taskmanager/dto/BoardMemberRequest.java
/Users/nguyenhaituyen/Documents/Documents - MacBook Pro của Nguyễn (3)/code/gonErp/backend/src/main/java/com/gonerp/config/JwtTokenProvider.java
/Users/nguyenhaituyen/Documents/Documents - MacBook Pro của Nguyễn (3)/code/gonErp/backend/src/main/java/com/gonerp/imagemanager/repository/ImageInfoRepository.java
/Users/nguyenhaituyen/Documents/Documents - MacBook Pro của Nguyễn (3)/code/gonErp/backend/src/main/java/com/gonerp/taskmanager/model/enums/BoardMemberRole.java
/Users/nguyenhaituyen/Documents/Documents - MacBook Pro của Nguyễn (3)/code/gonErp/backend/src/main/java/com/gonerp/taskmanager/dto/CommentResponse.java
/Users/nguyenhaituyen/Documents/Documents - MacBook Pro của Nguyễn (3)/code/gonErp/backend/src/main/java/com/gonerp/taskmanager/repository/CardRepository.java
/Users/nguyenhaituyen/Documents/Documents - MacBook Pro của Nguyễn (3)/code/gonErp/backend/src/main/java/com/gonerp/taskmanager/model/Card.java
/Users/nguyenhaituyen/Documents/Documents - MacBook Pro của Nguyễn (3)/code/gonErp/backend/src/main/java/com/gonerp/auth/controller/AuthController.java
/Users/nguyenhaituyen/Documents/Documents - MacBook Pro của Nguyễn (3)/code/gonErp/backend/src/main/java/com/gonerp/taskmanager/model/enums/CardStatus.java
/Users/nguyenhaituyen/Documents/Documents - MacBook Pro của Nguyễn (3)/code/gonErp/backend/src/main/java/com/gonerp/taskmanager/repository/CardAttachmentRepository.java
/Users/nguyenhaituyen/Documents/Documents - MacBook Pro của Nguyễn (3)/code/gonErp/backend/src/main/java/com/gonerp/taskmanager/dto/CardSummaryResponse.java
/Users/nguyenhaituyen/Documents/Documents - MacBook Pro của Nguyễn (3)/code/gonErp/backend/src/main/java/com/gonerp/taskmanager/repository/CardActivityRepository.java
/Users/nguyenhaituyen/Documents/Documents - MacBook Pro của Nguyễn (3)/code/gonErp/backend/src/main/java/com/gonerp/taskmanager/model/CardAttachment.java
/Users/nguyenhaituyen/Documents/Documents - MacBook Pro của Nguyễn (3)/code/gonErp/backend/src/main/java/com/gonerp/usermanager/service/UserRoleService.java
/Users/nguyenhaituyen/Documents/Documents - MacBook Pro của Nguyễn (3)/code/gonErp/backend/src/main/java/com/gonerp/taskmanager/dto/ReorderRequest.java
/Users/nguyenhaituyen/Documents/Documents - MacBook Pro của Nguyễn (3)/code/gonErp/backend/src/main/java/com/gonerp/taskmanager/repository/CardCommentRepository.java
/Users/nguyenhaituyen/Documents/Documents - MacBook Pro của Nguyễn (3)/code/gonErp/backend/src/main/java/com/gonerp/taskmanager/dto/LabelRequest.java
/Users/nguyenhaituyen/Documents/Documents - MacBook Pro của Nguyễn (3)/code/gonErp/backend/src/main/java/com/gonerp/taskmanager/controller/CardController.java
/Users/nguyenhaituyen/Documents/Documents - MacBook Pro của Nguyễn (3)/code/gonErp/backend/src/main/java/com/gonerp/taskmanager/controller/BoardController.java
/Users/nguyenhaituyen/Documents/Documents - MacBook Pro của Nguyễn (3)/code/gonErp/backend/src/main/java/com/gonerp/config/GlobalExceptionHandler.java
/Users/nguyenhaituyen/Documents/Documents - MacBook Pro của Nguyễn (3)/code/gonErp/backend/src/main/java/com/gonerp/taskmanager/dto/ColumnResponse.java
/Users/nguyenhaituyen/Documents/Documents - MacBook Pro của Nguyễn (3)/code/gonErp/backend/src/main/java/com/gonerp/taskmanager/dto/AttachmentResponse.java
/Users/nguyenhaituyen/Documents/Documents - MacBook Pro của Nguyễn (3)/code/gonErp/backend/src/main/java/com/gonerp/taskmanager/service/CardService.java
/Users/nguyenhaituyen/Documents/Documents - MacBook Pro của Nguyễn (3)/code/gonErp/backend/src/main/java/com/gonerp/imagemanager/dto/ImageInfoResponse.java
/Users/nguyenhaituyen/Documents/Documents - MacBook Pro của Nguyễn (3)/code/gonErp/backend/src/main/java/com/gonerp/taskmanager/dto/CommentRequest.java
/Users/nguyenhaituyen/Documents/Documents - MacBook Pro của Nguyễn (3)/code/gonErp/backend/src/main/java/com/gonerp/usermanager/repository/UserRoleRepository.java
/Users/nguyenhaituyen/Documents/Documents - MacBook Pro của Nguyễn (3)/code/gonErp/backend/src/main/java/com/gonerp/config/JwtAuthenticationFilter.java
/Users/nguyenhaituyen/Documents/Documents - MacBook Pro của Nguyễn (3)/code/gonErp/backend/src/main/java/com/gonerp/taskmanager/controller/ColumnController.java
/Users/nguyenhaituyen/Documents/Documents - MacBook Pro của Nguyễn (3)/code/gonErp/backend/src/main/java/com/gonerp/config/WebSocketAuthInterceptor.java
/Users/nguyenhaituyen/Documents/Documents - MacBook Pro của Nguyễn (3)/code/gonErp/backend/src/main/java/com/gonerp/imagemanager/model/ImageInfo.java
/Users/nguyenhaituyen/Documents/Documents - MacBook Pro của Nguyễn (3)/code/gonErp/backend/src/main/java/com/gonerp/taskmanager/dto/BoardResponse.java
/Users/nguyenhaituyen/Documents/Documents - MacBook Pro của Nguyễn (3)/code/gonErp/backend/src/main/java/com/gonerp/taskmanager/dto/CardDetailResponse.java
/Users/nguyenhaituyen/Documents/Documents - MacBook Pro của Nguyễn (3)/code/gonErp/backend/src/main/java/com/gonerp/taskmanager/dto/BoardMemberResponse.java
/Users/nguyenhaituyen/Documents/Documents - MacBook Pro của Nguyễn (3)/code/gonErp/backend/src/main/java/com/gonerp/usermanager/dto/UserRoleRequest.java
/Users/nguyenhaituyen/Documents/Documents - MacBook Pro của Nguyễn (3)/code/gonErp/backend/src/main/java/com/gonerp/taskmanager/dto/CardRequest.java
/Users/nguyenhaituyen/Documents/Documents - MacBook Pro của Nguyễn (3)/code/gonErp/backend/src/main/java/com/gonerp/config/DataInitializer.java
/Users/nguyenhaituyen/Documents/Documents - MacBook Pro của Nguyễn (3)/code/gonErp/backend/src/main/java/com/gonerp/usermanager/model/User.java
/Users/nguyenhaituyen/Documents/Documents - MacBook Pro của Nguyễn (3)/code/gonErp/backend/src/main/java/com/gonerp/taskmanager/dto/BoardRequest.java
/Users/nguyenhaituyen/Documents/Documents - MacBook Pro của Nguyễn (3)/code/gonErp/backend/src/main/java/com/gonerp/taskmanager/model/Board.java
/Users/nguyenhaituyen/Documents/Documents - MacBook Pro của Nguyễn (3)/code/gonErp/backend/src/main/java/com/gonerp/taskmanager/dto/CardMoveRequest.java
/Users/nguyenhaituyen/Documents/Documents - MacBook Pro của Nguyễn (3)/code/gonErp/backend/src/main/java/com/gonerp/taskmanager/repository/BoardColumnRepository.java
/Users/nguyenhaituyen/Documents/Documents - MacBook Pro của Nguyễn (3)/code/gonErp/backend/src/main/java/com/gonerp/config/SecurityConfig.java
/Users/nguyenhaituyen/Documents/Documents - MacBook Pro của Nguyễn (3)/code/gonErp/backend/src/main/java/com/gonerp/taskmanager/websocket/BoardEventPublisher.java
/Users/nguyenhaituyen/Documents/Documents - MacBook Pro của Nguyễn (3)/code/gonErp/backend/src/main/java/com/gonerp/taskmanager/dto/LabelResponse.java
/Users/nguyenhaituyen/Documents/Documents - MacBook Pro của Nguyễn (3)/code/gonErp/backend/src/main/java/com/gonerp/common/ApiResponse.java
/Users/nguyenhaituyen/Documents/Documents - MacBook Pro của Nguyễn (3)/code/gonErp/backend/src/main/java/com/gonerp/taskmanager/model/CardMember.java
/Users/nguyenhaituyen/Documents/Documents - MacBook Pro của Nguyễn (3)/code/gonErp/backend/src/main/java/com/gonerp/usermanager/repository/UserRepository.java
/Users/nguyenhaituyen/Documents/Documents - MacBook Pro của Nguyễn (3)/code/gonErp/backend/src/main/java/com/gonerp/taskmanager/dto/UserSummaryResponse.java
/Users/nguyenhaituyen/Documents/Documents - MacBook Pro của Nguyễn (3)/code/gonErp/backend/src/main/java/com/gonerp/auth/dto/LoginRequest.java
/Users/nguyenhaituyen/Documents/Documents - MacBook Pro của Nguyễn (3)/code/gonErp/backend/src/main/java/com/gonerp/usermanager/controller/UserController.java
/Users/nguyenhaituyen/Documents/Documents - MacBook Pro của Nguyễn (3)/code/gonErp/backend/src/main/java/com/gonerp/config/AuditConfig.java
/Users/nguyenhaituyen/Documents/Documents - MacBook Pro của Nguyễn (3)/code/gonErp/backend/src/main/java/com/gonerp/GonErpApplication.java
/Users/nguyenhaituyen/Documents/Documents - MacBook Pro của Nguyễn (3)/code/gonErp/backend/src/main/java/com/gonerp/usermanager/dto/UserRoleResponse.java
/Users/nguyenhaituyen/Documents/Documents - MacBook Pro của Nguyễn (3)/code/gonErp/backend/src/main/java/com/gonerp/taskmanager/service/BoardService.java
/Users/nguyenhaituyen/Documents/Documents - MacBook Pro của Nguyễn (3)/code/gonErp/backend/src/main/java/com/gonerp/taskmanager/model/CardLabel.java
/Users/nguyenhaituyen/Documents/Documents - MacBook Pro của Nguyễn (3)/code/gonErp/backend/src/main/java/com/gonerp/usermanager/model/enums/RoleName.java
/Users/nguyenhaituyen/Documents/Documents - MacBook Pro của Nguyễn (3)/code/gonErp/backend/src/main/java/com/gonerp/taskmanager/model/CardComment.java
/Users/nguyenhaituyen/Documents/Documents - MacBook Pro của Nguyễn (3)/code/gonErp/backend/src/main/java/com/gonerp/config/WebSocketConfig.java
/Users/nguyenhaituyen/Documents/Documents - MacBook Pro của Nguyễn (3)/code/gonErp/backend/src/main/java/com/gonerp/imagemanager/dto/ImageInfoRequest.java
/Users/nguyenhaituyen/Documents/Documents - MacBook Pro của Nguyễn (3)/code/gonErp/backend/src/main/java/com/gonerp/imagemanager/service/ImageInfoService.java
/Users/nguyenhaituyen/Documents/Documents - MacBook Pro của Nguyễn (3)/code/gonErp/backend/src/main/java/com/gonerp/usermanager/dto/UserRequest.java
/Users/nguyenhaituyen/Documents/Documents - MacBook Pro của Nguyễn (3)/code/gonErp/backend/src/main/java/com/gonerp/config/PasswordConfig.java
/Users/nguyenhaituyen/Documents/Documents - MacBook Pro của Nguyễn (3)/code/gonErp/backend/src/main/java/com/gonerp/usermanager/controller/UserRoleController.java
/Users/nguyenhaituyen/Documents/Documents - MacBook Pro của Nguyễn (3)/code/gonErp/backend/src/main/java/com/gonerp/taskmanager/dto/ActivityResponse.java
